[www.ferrari.com/es-ES.html]
[www.ferrari.com/static/favicon_32x32.png]
[www.ferrari.com/static/favicon_256x256.png]
[www.ferrari.com/ruxitagentjs_ICA7NVfqrux_10299241001084140.js]
[ferrari-cdn.thron.com/shared/plugins/tracking/current/bootstrapper-min.js]
[ferrari-cdn.thron.com/shared/plugins/tracking/current/tracking-library-min.js]
[backblue.gif]
[fade.gif]
[index.html]
[www.ferrari.com/static/css/nprogress.css]
[www.ferrari.com/_next/static/css/styles.d6a98ee8.chunk.css]
[www.ferrari.com/_next/static/css/021345939ae0f5f17a0f7c183e4bba1ccb303e94.b06d76cf.chunk.css]
[www.ferrari.com/_next/static/Cz3kCnOH7ZC156v-nxxwr/pages/index.js]
[www.ferrari.com/_next/static/Cz3kCnOH7ZC156v-nxxwr/pages/_app.js]
[www.ferrari.com/_next/static/runtime/webpack-4b444dab214c6491079c.js]
[www.ferrari.com/_next/static/chunks/framework.4627232918288795dbae.js]
[www.ferrari.com/_next/static/chunks/36a89214.b1a5a88b2948a5fb7bf2.js]
[www.ferrari.com/_next/static/chunks/commons.6176a172b10ba5e0611e.js]
[www.ferrari.com/_next/static/chunks/styles.382cdf5b0b32fc284cd5.js]
[www.ferrari.com/_next/static/runtime/main-4a6f3ffccf7f57221e2b.js]
[www.ferrari.com/_next/static/chunks/a1b77c74.294c2aae1c0c61583588.js]
[www.ferrari.com/_next/static/chunks/01253bc4.4c6444aaf19de0b54837.js]
[www.ferrari.com/_next/static/chunks/b637e9a5.129bfd578e34aa20da92.js]
[www.ferrari.com/_next/static/chunks/94726e6d.3ae22fc862dc173deef3.js]
[www.ferrari.com/_next/static/chunks/021345939ae0f5f17a0f7c183e4bba1ccb303e94.c92cae2f29cd62f76646.js]
[www.ferrari.com/_next/static/chunks/6b59578934fee8273177bd298f73de3bc12f086e.e43c523aa8327c9c0256.js]
[www.ferrari.com/_next/static/chunks/d9c338defecfe65dccef0f0e8fac550570f0a812.c8f62b402e18a1a16f19.js]
[www.ferrari.com/_next/static/chunks/fa19c9428517b715508d87115501d95b501a2215.8bfeb88b8f40a26ffe79.js]
[www.ferrari.com/es-ES/search.html]
[www.ferrari.com/es-ES/auto/f80.html]
[www.ferrari.com/es-ES/auto/gamae488.html]
[www.ferrari.com/en-EN/formula1.html]
[www.ferrari.com/en-EN/formula1/articles/mexico-city-grand-prix-2024-qualifying-report.html]
[www.ferrari.com/en-EN/hypercar/articles/499ps-in-bahrain-for-epilogue-to-fia-wec-2024.html]
[www.ferrari.com/es-ES/magazine/articles/ferrari-bang-and-olufsen-range-sonido-y-estilo.html]
[www.ferrari.com/es-ES/news.html]
[www.ferrari.com/es-ES/magazine/articles/legacy-tour-2024-homenaje-al-gtofa35.html]
[www.ferrari.com/en-EN/corse-clienti/finali-mondiali8b6f.html]
[www.ferrari.com/es-ES/museums/one-of-a-kind80c2.html]
[www.ferrari.com/es-ES/auto/modelos-del-pasado5873.html]
[www.ferrari.com/en-EN/formula1/charles-leclerc.html]
[www.ferrari.com/en-EN/formula1/carlos-sainz.html]
[www.ferrari.com/en-EN/hypercar.html]
[www.ferrari.com/en-EN/competizioni-gt.html]
[www.ferrari.com/en-EN/esports.html]
[www.ferrari.com/en-EN/fda.html]
[www.ferrari.com/es-ES/auto/myferrari.html]
[www.ferrari.com/es-ES/auto/concesionarios.html]
[www.ferrari.com/en-EN/auto/recall-information.html]
[www.ferrari.com/es-ES/scuderia-ferrari-selectionc4d7.html]
[www.ferrari.com/en-EN/corse-clienti.html]
[www.ferrari.com/en-EN/esports/ferrari-esports-series.html]
[www.ferrari.com/es-ES/ristorante-cavallino.html]
[www.ferrari.com/es-ES/museums.html]
[www.ferrari.com/en-EN/corporate.html]
[www.ferrari.com/en-EN/corporate/sustainability.html]
[www.ferrari.com/en-EN/media-centre.html]
[www.ferrari.com/es-ES/magazine.html]
[www.ferrari.com/en-EN/history.html]
[www.ferrari.com/en-EN/corporate/career.html]
[www.ferrari.com/es-ES/legal]
[www.ferrari.com/es-ES/privacy-policy.html]
[www.ferrari.com/es-ES/cookie-policy.html]
[www.ferrari.com/es-ES/accessibility.html]
[www.ferrari.com/es-ES/contactenos.html]
[www.ferrari.com/it-IT/corporate.html]
[www.ferrari.com/en-EN/responsible-disclosure-policy.html]
[www.ferrari.com/en-EN/reward-anticounterfeiting.html]
[www.ferrari.com/choose-your-country.html]
[www.ferrari.com/_next/static/runtime/polyfills-d78ea39629df55765063.js]
[www.ferrari.com/es-ES.html]
[www.googletagmanager.com/gtm5445.html]
[www.ferrari.com/static/css/nprogress.css]
[www.ferrari.com/_next/static/Cz3kCnOH7ZC156v-nxxwr/_buildManifest.js]
[www.ferrari.com/static/assets/fonts/Ferrari-SansRegular.woff2]
[www.ferrari.com/static/assets/fonts/Ferrari-SansRegular.woff]
[www.ferrari.com/static/assets/fonts/Ferrari-SansMedium.woff2]
[www.ferrari.com/static/assets/fonts/Ferrari-SansMedium.woff]
[www.ferrari.com/static/assets/fonts/NotoSans-Regular.woff2]
[www.ferrari.com/static/assets/fonts/NotoSans-Regular.woff]
[www.ferrari.com/static/assets/fonts/NotoSans-Bold.woff2]
[www.ferrari.com/static/assets/fonts/NotoSans-Bold.woff]
[www.ferrari.com/_next/static/css/styles.d6a98ee8.chunk.css]
[www.ferrari.com/_next/static/css/021345939ae0f5f17a0f7c183e4bba1ccb303e94.b06d76cf.chunk.css]
[www.ferrari.com/es-ES/search.html]
[www.ferrari.com/auto/static/favicon_32x32.png]
[www.ferrari.com/auto/static/favicon_256x256.png]
[www.ferrari.com/auto/_next/static/css/styles.8e385f74.chunk.css]
[www.ferrari.com/auto/_next/static/css/1e8aaff3709dd1ca0cfee783ec29a3f974e6dba3.35f4575c.chunk.css]
[www.ferrari.com/auto/_next/static/hxTQyVboTIsoRB-bOkOAR/pages/scheda.js]
[www.ferrari.com/auto/_next/static/hxTQyVboTIsoRB-bOkOAR/pages/_app.js]
[www.ferrari.com/auto/_next/static/runtime/webpack-4b444dab214c6491079c.js]
[www.ferrari.com/auto/_next/static/chunks/framework.6556c75321886d6b192b.js]
[www.ferrari.com/auto/_next/static/chunks/36a89214.2686fc0b4280d0104b23.js]
[www.ferrari.com/auto/_next/static/chunks/commons.7c6a5c6ffed6658a9d81.js]
[www.ferrari.com/auto/_next/static/chunks/styles.00543244e90e8550d697.js]
[www.ferrari.com/auto/_next/static/runtime/main-129346557db28cf75c92.js]
[www.ferrari.com/auto/_next/static/chunks/a1b77c74.41834a1a3ca35e37f0a2.js]
[www.ferrari.com/auto/_next/static/chunks/01253bc4.7d13b8ca9792234b66b1.js]
[www.ferrari.com/auto/_next/static/chunks/b637e9a5.129bfd578e34aa20da92.js]
[www.ferrari.com/auto/_next/static/chunks/94726e6d.3ae22fc862dc173deef3.js]
[www.ferrari.com/auto/_next/static/chunks/79c63a29052de8ac6e2a89d8a1a91e100bf6c96c.1f270b577fefa2242021.js]
[www.ferrari.com/auto/_next/static/chunks/1e8aaff3709dd1ca0cfee783ec29a3f974e6dba3.cfc98cb643a2102175d4.js]
[cdn.ferrari.com/cms/network/media/img/ferrari-f80-interior-focus-seat-2s.jpg]
[www.ferrari.com/choose-your-country9911.html]
[www.ferrari.com/auto/_next/static/runtime/polyfills-57e418d0c1347e1f1ead.js]
[www.ferrari.com/es-ES/auto/f80.html]
[www.ferrari.com/auto/_next/static/hxTQyVboTIsoRB-bOkOAR/_buildManifest.js]
[www.ferrari.com/es-ES/auto/gama.html]
[www.ferrari.com/es-ES/auto/sf90-stradale.html]
[www.ferrari.com/es-CO/auto/sf90-spider.html]
[www.ferrari.com/es-CO/auto/296-gtb.html]
[www.ferrari.com/es-CO/auto/296-gtba2ef.html]
[www.ferrari.com/es-ES/auto/296-gts.html]
[www.ferrari.com/es-ES/auto/296-gtsa2ef.html]
[www.ferrari.com/es-ES/auto/ferrari-12cilindri.html]
[www.ferrari.com/es-ES/auto/ferrari-12cilindria2ef.html]
[www.ferrari.com/es-ES/auto/ferrari-12cilindri-spider.html]
[www.ferrari.com/es-ES/auto/ferrari-12cilindri-spidera2ef.html]
[www.ferrari.com/es-ES/auto/ferrari-purosangue.html]
[www.ferrari.com/es-ES/auto/ferrari-purosanguea2ef.html]
[www.ferrari.com/es-ES/auto/ferrari-roma.html]
[www.ferrari.com/es-ES/auto/ferrari-romaa2ef.html]
[www.ferrari.com/es-CO/auto/ferrari-portofino-m.html]
[www.ferrari.com/es-ES/auto/ferrari-roma-spidera2ef.html]
[www.ferrari.com/es-CO/auto/sf90-xx-stradale.html]
[www.ferrari.com/es-CO/auto/sf90-xx-spider.html]
[www.ferrari.com/es-CO/auto/812-competizione.html]
[www.ferrari.com/es-CO/auto/812-competizione-a.html]
[www.ferrari.com/es-CO/auto/ferrari-daytona-sp3.html]
[www.ferrari.com/es-ES/auto/monza-sp1.html]
[www.ferrari.com/es-ES/auto/gamae488.html]
[www.ferrari.com/es-ES/auto/monza-sp2.html]
[www.ferrari.com/formula1/static/favicon_32x32.png]
[www.ferrari.com/formula1/static/favicon_256x256.png]
[www.ferrari.com/formula1/_next/static/css/styles.7d8df5ff.chunk.css]
[www.ferrari.com/formula1/_next/static/VgH5BgVWSEOdGmn9ir0QF/pages/index.js]
[www.ferrari.com/formula1/_next/static/css/6ca93be1811f3e18bdd4ca1572c44fd79554269d.077579a1.chunk.css]
[www.ferrari.com/formula1/_next/static/VgH5BgVWSEOdGmn9ir0QF/pages/_app.js]
[www.ferrari.com/formula1/_next/static/runtime/webpack-4b444dab214c6491079c.js]
[www.ferrari.com/formula1/_next/static/chunks/framework.4627232918288795dbae.js]
[www.ferrari.com/formula1/_next/static/chunks/36a89214.33b9402fe63d109ca04d.js]
[www.ferrari.com/formula1/_next/static/chunks/commons.2738d1a4c588bfc0960d.js]
[www.ferrari.com/formula1/_next/static/chunks/styles.5131dacc0595f0414495.js]
[www.ferrari.com/formula1/_next/static/runtime/main-54a1ca5f305304c3f68b.js]
[www.ferrari.com/formula1/_next/static/chunks/a1b77c74.b470a1ccbf1ee7bbd067.js]
[www.ferrari.com/formula1/_next/static/chunks/01253bc4.4c6444aaf19de0b54837.js]
[www.ferrari.com/formula1/_next/static/chunks/b637e9a5.2e8534bb2169bb49aff8.js]
[www.ferrari.com/formula1/_next/static/chunks/94726e6d.955566218386ea4fa538.js]
[www.ferrari.com/formula1/_next/static/chunks/92c2e8a26f0ddf37e6cd1566806366f4d4325ed1.86fd287759f9a4bc0108.js]
[www.ferrari.com/formula1/_next/static/chunks/6ca93be1811f3e18bdd4ca1572c44fd79554269d.47090c9776209493b478.js]
[www.ferrari.com/formula1/_next/static/chunks/2393ac28b309f3b44fce5298a944bb35a81d1274.20811eb84d4e1da3137e.js]
[www.ferrari.com/en-EN/search.html]
[www.ferrari.com/en-EN/formula1/articles/mexico-city-grand-prix-2024-qualifying.html]
[www.ferrari.com/en-EN/formula1/articles/mexico-city-grand-prix-2024-free-practice-3.html]
[www.ferrari.com/en-EN/formula1/team.html]
[www.ferrari.com/en-CO/formula1/news.html]
[www.ferrari.com/en-EN/formula1/all-media.html]
[www.ferrari.com/en-EN/auto/car-range.html]
[www.ferrari.com/en-EN/auto/myferrari.html]
[www.ferrari.com/en-EN/auto/dealers.html]
[www.ferrari.com/en-EN/scuderia-ferrari-selectionc4d7.html]
[www.ferrari.com/en-EN/museums.html]
[www.ferrari.com/en-EN/news.html]
[www.ferrari.com/en-EN/magazine.html]
[www.ferrari.com/en-EN/legal.html]
[www.ferrari.com/en-EN/privacy-policy.html]
[www.ferrari.com/en-EN/cookie-policy.html]
[www.ferrari.com/en-EN/accessibility.html]
[www.ferrari.com/en-EN/contacts.html]
[www.ferrari.com/choose-your-country3640.html]
[www.ferrari.com/formula1/_next/static/runtime/polyfills-38c9ce871ec7e101b127.js]
[www.ferrari.com/en-EN/formula1.html]
[www.ferrari.com/formula1/_next/static/VgH5BgVWSEOdGmn9ir0QF/_buildManifest.js]
[www.ferrari.com/en-EN/formula1/articles/mexico-city-grand-prix-2024-qualifying-report5b39.html]
[www.ferrari.com/en-EN/formula1/articles/mexico-city-grand-prix-2024-qualifying-report.html]
[www.ferrari.com/formula1/_next/static/VgH5BgVWSEOdGmn9ir0QF/pages/news/article.js]
[www.ferrari.com/hypercar/static/favicon_32x32.png]
[www.ferrari.com/hypercar/static/favicon_256x256.png]
[www.ferrari.com/en-EN/hypercar/articles/499ps-in-bahrain-for-epilogue-to-fia-wec-20245b39.html]
[www.ferrari.com/hypercar/_next/static/css/styles.1368b410.chunk.css]
[www.ferrari.com/hypercar/_next/static/tw6T8p1RQz-5ET-ZvUsKu/pages/news/article.js]
[www.ferrari.com/hypercar/_next/static/css/7c34c06167161e8e1740c8b0dbda7e17cf488538.c280c825.chunk.css]
[www.ferrari.com/hypercar/_next/static/tw6T8p1RQz-5ET-ZvUsKu/pages/_app.js]
[www.ferrari.com/hypercar/_next/static/runtime/webpack-4b444dab214c6491079c.js]
[www.ferrari.com/hypercar/_next/static/chunks/framework.4627232918288795dbae.js]
[www.ferrari.com/hypercar/_next/static/chunks/36a89214.33b9402fe63d109ca04d.js]
[www.ferrari.com/hypercar/_next/static/chunks/commons.1af3a6d320bbc64f9513.js]
[www.ferrari.com/hypercar/_next/static/chunks/styles.5fdc75cf717ecd104e1f.js]
[www.ferrari.com/hypercar/_next/static/runtime/main-e43024ea3f426d12f675.js]
[www.ferrari.com/hypercar/_next/static/chunks/a1b77c74.b470a1ccbf1ee7bbd067.js]
[www.ferrari.com/hypercar/_next/static/chunks/01253bc4.4c6444aaf19de0b54837.js]
[www.ferrari.com/hypercar/_next/static/chunks/b637e9a5.2e8534bb2169bb49aff8.js]
[www.ferrari.com/hypercar/_next/static/chunks/94726e6d.955566218386ea4fa538.js]
[www.ferrari.com/hypercar/_next/static/chunks/3ec185ea2971d3f83f4d8dbf203078cc52cf5d5b.689f8835e3d9292363da.js]
[www.ferrari.com/hypercar/_next/static/chunks/7c34c06167161e8e1740c8b0dbda7e17cf488538.6d7dceb8a51f6972b168.js]
[www.ferrari.com/en-EN/hypercar/news266b.html]
[www.ferrari.com/choose-your-country43a5.html]
[www.ferrari.com/hypercar/_next/static/runtime/polyfills-e760d887fc7bbc64924a.js]
[www.ferrari.com/en-EN/hypercar/articles/499ps-in-bahrain-for-epilogue-to-fia-wec-2024.html]
[www.ferrari.com/hypercar/_next/static/tw6T8p1RQz-5ET-ZvUsKu/_buildManifest.js]
[www.ferrari.com/magazine/static/favicon_32x32.png]
[www.ferrari.com/magazine/static/favicon_256x256.png]
[static.apps.ferrarinetwork.ferrari.com/tracking/elqtrackS3.js]
[www.ferrari.com/es-ES/magazine/articles/ferrari-bang-and-olufsen-range-sonido-y-estilo5b39.html]
[www.ferrari.com/magazine/_next/static/css/styles.843d6cef.chunk.css]
[www.ferrari.com/magazine/_next/static/css/fd8db3f4de2dcffdc8a60063503aab6e337da1ca.e4f1807c.chunk.css]
[www.ferrari.com/magazine/_next/static/5gQrtXhnCDwh40lWC40Df/pages/news/article.js]
[www.ferrari.com/magazine/_next/static/5gQrtXhnCDwh40lWC40Df/pages/_app.js]
[www.ferrari.com/magazine/_next/static/runtime/webpack-4b444dab214c6491079c.js]
[www.ferrari.com/magazine/_next/static/chunks/framework.6556c75321886d6b192b.js]
[www.ferrari.com/magazine/_next/static/chunks/36a89214.33b9402fe63d109ca04d.js]
[www.ferrari.com/magazine/_next/static/chunks/commons.a6dbb3e74908020871b7.js]
[www.ferrari.com/magazine/_next/static/chunks/styles.916c92465b68661e3825.js]
[www.ferrari.com/magazine/_next/static/runtime/main-4c7ca6244a1a455cd773.js]
[www.ferrari.com/magazine/_next/static/chunks/a1b77c74.b470a1ccbf1ee7bbd067.js]
[www.ferrari.com/magazine/_next/static/chunks/01253bc4.4c6444aaf19de0b54837.js]
[www.ferrari.com/magazine/_next/static/chunks/b637e9a5.107330f77f57753a94e2.js]
[www.ferrari.com/magazine/_next/static/chunks/94726e6d.955566218386ea4fa538.js]
[www.ferrari.com/magazine/_next/static/chunks/c34dddaea9ecbaaf950bc82ff599256c0eb5eef2.e918289f94b795962af0.js]
[www.ferrari.com/magazine/_next/static/chunks/fd8db3f4de2dcffdc8a60063503aab6e337da1ca.3e84ce40b59158905770.js]
[www.ferrari.com/es-CO/magazine.html]
[www.ferrari.com/es-ES/magazine/subscription.html]
[www.ferrari.com/es-ES/magazine/articles/speed-of-sound-ferrari-bang-and-olufsen-range.html]
[www.ferrari.com/es-ES/magazine/newsd627.html]
[www.ferrari.com/es-ES/magazine/news475a.html]
[www.ferrari.com/choose-your-country50be.html]
[www.ferrari.com/magazine/_next/static/runtime/polyfills-38c9ce871ec7e101b127.js]
[www.ferrari.com/es-ES/magazine/articles/ferrari-bang-and-olufsen-range-sonido-y-estilo.html]
[www.ferrari.com/magazine/_next/static/5gQrtXhnCDwh40lWC40Df/_buildManifest.js]
[www.ferrari.com/_next/static/Cz3kCnOH7ZC156v-nxxwr/pages/news.js]
[www.ferrari.com/es-ES/news/2.html]
[www.ferrari.com/en-ES/formula1/articles/mexico-city-grand-prix-2024-qualifying-report.html]
[www.ferrari.com/es-ES/magazine/articles/ferrari-f-80-el-coche-del-futuro.html]
[www.ferrari.com/en-ES/formula1/articles/mexico-city-grand-prix-2024-qualifying.html]
[www.ferrari.com/en-ES/formula1/articles/mexico-city-grand-prix-2024-free-practice-3.html]
[www.ferrari.com/en-ES/formula1/articles/mexico-city-grand-prix-2024-free-practice-report.html]
[www.ferrari.com/en-ES/formula1/articles/mexico-city-grand-prix-2024-free-practice-2.html]
[www.ferrari.com/en-ES/formula1/articles/mexico-city-grand-prix-2024-free-practice-1.html]
[www.ferrari.com/en-ES/corse-clienti/articles/ferrari-296-challenge-at-the-fia-motorsport-games.html]
[www.ferrari.com/en-ES/hypercar/articles/bahrain-the-history-of-ferrari-in-endurance-racing.html]
[www.ferrari.com/en-ES/hypercar/articles/499ps-in-bahrain-for-epilogue-to-fia-wec-2024.html]
[www.ferrari.com/en-ES/competizioni-gt/articles/weekend-preview-final-challenges-at-monza-for-cigt-endurance.html]
[www.ferrari.com/es-ES/news.html]
[www.ferrari.com/choose-your-country4785.html]
[www.ferrari.com/es-ES/magazine/articles/legacy-tour-2024-homenaje-al-gto.html]
[www.ferrari.com/es-ES/magazine/articles/legacy-tour-2024-homenaje-al-gto5b39.html]
[www.ferrari.com/es-ES/magazine/articles/lasting-legacy-the-ferrari-f40.html]
[www.ferrari.com/es-ES/magazine/articles/performance-icon-ferrari-gto.html]
[www.ferrari.com/es-ES/magazine/newsc634.html]
[www.ferrari.com/es-ES/magazine/articles/legacy-tour-2024-homenaje-al-gtofa35.html]
[www.ferrari.com/es-ES/magazine/newsd4b4.html]
[www.ferrari.com/corse-clienti/static/favicon_32x32.png]
[www.ferrari.com/corse-clienti/static/favicon_256x256.png]
[www.ferrari.com/en-EN/corse-clienti/finali-mondiali.html]
[www.ferrari.com/corse-clienti/_next/static/css/styles.91d983e1.chunk.css]
[www.ferrari.com/corse-clienti/_next/static/css/c5e38c63c9d5b5a6b2b100e0105c628b9c0216cd.e373db61.chunk.css]
[www.ferrari.com/corse-clienti/_next/static/pWXBaB6thDNzs8gyW_dmX/pages/scheda.js]
[www.ferrari.com/corse-clienti/_next/static/pWXBaB6thDNzs8gyW_dmX/pages/_app.js]
[www.ferrari.com/corse-clienti/_next/static/runtime/webpack-4b444dab214c6491079c.js]
[www.ferrari.com/corse-clienti/_next/static/chunks/framework.6556c75321886d6b192b.js]
[www.ferrari.com/corse-clienti/_next/static/chunks/36a89214.33b9402fe63d109ca04d.js]
[www.ferrari.com/corse-clienti/_next/static/chunks/commons.896538501f58272a3bdd.js]
[www.ferrari.com/corse-clienti/_next/static/chunks/styles.916c92465b68661e3825.js]
[www.ferrari.com/corse-clienti/_next/static/runtime/main-7883d92c0285406b5b66.js]
[www.ferrari.com/corse-clienti/_next/static/chunks/a1b77c74.b470a1ccbf1ee7bbd067.js]
[www.ferrari.com/corse-clienti/_next/static/chunks/01253bc4.4c6444aaf19de0b54837.js]
[www.ferrari.com/corse-clienti/_next/static/chunks/b637e9a5.2e8534bb2169bb49aff8.js]
[www.ferrari.com/corse-clienti/_next/static/chunks/94726e6d.955566218386ea4fa538.js]
[www.ferrari.com/corse-clienti/_next/static/chunks/b617fbf8ca6eeafda0944d8decf93f1ad4273deb.e119614545c3f5ed3955.js]
[www.ferrari.com/corse-clienti/_next/static/chunks/c5e38c63c9d5b5a6b2b100e0105c628b9c0216cd.f26e68f456d1a521878c.js]
[www.ferrari.com/corse-clienti/_next/static/chunks/0e168de4c9aaa8aca6c267a0f89b0737a162ac2f.768b6ede12e8eface2ad.js]
[www.ferrari.com/en-CO/corse-clienti.html]
[cdn.ferrari.com/cms/network/media/img/resize/61d2b796fc866157b3ba118c-Corse Clienti_RGB_NEGd41d.png]
[www.ferrari.com/it-IT/media-centre/media-accreditation.html]
[www.ferrari.com/en-EN/corse-clienti/articles/finali-mondiali-imola-2024-race.html]
[www.ferrari.com/en-EN/corse-clienti/live.html]
[www.ferrari.com/en-EN/corse-clienti/articles/marco-vitali-memorial-award-winning-shot-at-imola.html]
[www.ferrari.com/en-EN/corse-clienti/articles/finali-mondiali-imola-2024-race-comments.html]
[www.ferrari.com/en-EN/corse-clienti/news68a8.html]
[www.ferrari.com/en-EN/corse-clienti/finali-mondiali-2024-media.html]
[www.ferrari.com/en-EN/corse-clienti/drivers/ryutaro-saito.html]
[www.ferrari.com/en-EN/corse-clienti/drivers/fons-scheltema.html]
[www.ferrari.com/en-EN/corse-clienti/drivers/angelo-fontana.html]
[www.ferrari.com/en-EN/corse-clienti/drivers/stephen-chen.html]
[www.ferrari.com/en-EN/corse-clienti/drivers/tetsuo-matsumoto.html]
[www.ferrari.com/en-EN/corse-clienti/drivers/david-williams.html]
[www.ferrari.com/en-EN/corse-clienti/drivers/gerdas-venslovas.html]
[www.ferrari.com/en-EN/corse-clienti/drivers/henry-hummel.html]
[www.ferrari.com/en-EN/corse-clienti/drivers/darren-bernstein.html]
[www.ferrari.com/en-EN/corse-clienti/drivers/philipp-baron.html]
[www.ferrari.com/en-EN/corse-clienti/drivers/kevin-orsini.html]
[www.ferrari.com/en-EN/corse-clienti/drivers/frank-chang.html]
[www.ferrari.com/en-EN/corse-clienti/drivers/jerri-walters.html]
[www.ferrari.com/en-EN/corse-clienti/drivers/andreas-koenig.html]
[www.ferrari.com/en-EN/corse-clienti/drivers/tibor-valint.html]
[www.ferrari.com/en-EN/corse-clienti/drivers/mckade-wang.html]
[www.ferrari.com/en-EN/corse-clienti/drivers/brandon-kruse.html]
[www.ferrari.com/en-EN/corse-clienti/drivers/dave-musial-jr.html]
[www.ferrari.com/en-EN/corse-clienti/drivers/michael-petramalo.html]
[www.ferrari.com/en-EN/corse-clienti/drivers/josef-schumacher.html]
[www.ferrari.com/en-EN/corse-clienti/drivers/michael-mathes.html]
[www.ferrari.com/en-EN/corse-clienti/drivers/robert-mcwilliams.html]
[www.ferrari.com/en-EN/corse-clienti/drivers/andreas-bogh-sorensen.html]
[www.ferrari.com/en-EN/corse-clienti/drivers/shinya-nakajima.html]
[www.ferrari.com/en-EN/corse-clienti/drivers/friedrich-mueller.html]
[www.ferrari.com/en-EN/corse-clienti/drivers/pranav-vangala.html]
[www.ferrari.com/en-EN/corse-clienti/drivers/lisa-clark.html]
[www.ferrari.com/en-EN/corse-clienti/drivers/danilo-delfavero.html]
[www.ferrari.com/en-EN/corse-clienti/drivers/cameron-campbell.html]
[www.ferrari.com/en-EN/corse-clienti/drivers/manuela-gostner.html]
[www.ferrari.com/en-EN/corse-clienti/drivers/brent-holden.html]
[www.ferrari.com/en-EN/corse-clienti/drivers/kim-eriksen.html]
[www.ferrari.com/en-EN/corse-clienti/drivers/giuseppe-ramelli.html]
[www.ferrari.com/en-EN/corse-clienti/drivers/brian-cook.html]
[www.ferrari.com/en-EN/corse-clienti/drivers/osvaldo-gaio.html]
[www.ferrari.com/en-EN/corse-clienti/drivers/amin-arefpour.html]
[www.ferrari.com/en-EN/corse-clienti/drivers/luis-perusquia.html]
[www.ferrari.com/en-EN/corse-clienti/drivers/helen-chu.html]
[www.ferrari.com/en-EN/corse-clienti/drivers/paul-simmerson.html]
[www.ferrari.com/en-EN/corse-clienti/drivers/chris-cagnazzi.html]
[www.ferrari.com/en-EN/corse-clienti/drivers/ryutarou-oomori.html]
[www.ferrari.com/en-EN/corse-clienti/drivers/lucky-khera.html]
[www.ferrari.com/en-EN/corse-clienti/drivers/paul-lin.html]
[www.ferrari.com/en-EN/corse-clienti/drivers/federico-alrifai.html]
[www.ferrari.com/en-EN/corse-clienti/drivers/jeffery-kiel.html]
[www.ferrari.com/en-EN/corse-clienti/drivers/vincenzo-gibiino]
[www.ferrari.com/en-EN/corse-clienti/drivers/stephen-earle.html]
[www.ferrari.com/en-EN/corse-clienti/drivers/andreas-ritzi.html]
[www.ferrari.com/en-EN/corse-clienti/drivers/thomas-gostner.html]
[www.ferrari.com/en-EN/corse-clienti/drivers/bruce-cleveland.html]
[www.ferrari.com/en-EN/corse-clienti/drivers/alexander-nussbaumer.html]
[www.ferrari.com/en-EN/corse-clienti/drivers/makoto-fujiwara.html]
[www.ferrari.com/en-EN/corse-clienti/drivers/brad-fauvre.html]
[www.ferrari.com/en-EN/corse-clienti/drivers/hanno-laskowski.html]
[www.ferrari.com/en-EN/corse-clienti/drivers/thomas-fleming.html]
[www.ferrari.com/en-EN/corse-clienti/drivers/david-gostner.html]
[www.ferrari.com/en-EN/corse-clienti/drivers/toshihiko-sano.html]
[www.ferrari.com/en-EN/corse-clienti/drivers/joel-rosenbacher.html]
[www.ferrari.com/en-EN/corse-clienti/drivers/takashi-kurakawa.html]
[www.ferrari.com/en-EN/corse-clienti/drivers/maurizio-pitorri.html]
[www.ferrari.com/en-EN/corse-clienti/drivers/brian-kaminskey.html]
[www.ferrari.com/en-EN/corse-clienti/drivers/darren-howell.html]
[www.ferrari.com/en-EN/corse-clienti/drivers/tatsuya-minowa.html]
[www.ferrari.com/en-EN/corse-clienti/drivers/bence-valint.html]
[www.ferrari.com/en-EN/corse-clienti/drivers/otto-blank.html]
[www.ferrari.com/en-EN/corse-clienti/drivers/martin-burrowes.html]
[www.ferrari.com/en-EN/corse-clienti/drivers/enoch-hurd.html]
[www.ferrari.com/en-EN/corse-clienti/drivers/gabriele-bini.html]
[www.ferrari.com/en-EN/corse-clienti/drivers/martin-havas.html]
[www.ferrari.com/en-EN/corse-clienti/drivers/hironori-nozaki.html]
[www.ferrari.com/en-EN/corse-clienti/drivers/dana-goodwin.html]
[www.ferrari.com/en-EN/corse-clienti/drivers/hendrik-viol.html]
[www.ferrari.com/en-EN/corse-clienti/drivers/phil-kim.html]
[www.ferrari.com/en-EN/corse-clienti/drivers/fabian-sperman.html]
[www.ferrari.com/en-EN/corse-clienti/drivers/ivandavid-mari.html]
[www.ferrari.com/en-EN/corse-clienti/drivers/yahn-bernier.html]
[www.ferrari.com/en-EN/corse-clienti/drivers/matiasperez-companc.html]
[www.ferrari.com/en-EN/corse-clienti/drivers/eric-pan.html]
[www.ferrari.com/en-EN/corse-clienti/drivers/ed-vartughian.html]
[www.ferrari.com/en-EN/corse-clienti/drivers/shintaro-akatsu.html]
[www.ferrari.com/en-EN/corse-clienti/drivers/andreaso-borris.html]
[www.ferrari.com/en-EN/corse-clienti/drivers/marc-muzzo.html]
[www.ferrari.com/en-EN/corse-clienti/drivers/janbenedikt-sandmann.html]
[www.ferrari.com/en-EN/corse-clienti/drivers/ruslan-sadreev.html]
[www.ferrari.com/en-EN/corse-clienti/drivers/peter-christensen.html]
[www.ferrari.com/en-EN/corse-clienti/drivers/robert-rees.html]
[www.ferrari.com/en-EN/corse-clienti/drivers/ajay-litt.html]
[www.ferrari.com/en-EN/corse-clienti/drivers/melissa-kozyra.html]
[www.ferrari.com/en-EN/corse-clienti/drivers/greg-griffen.html]
[www.ferrari.com/en-EN/corse-clienti/drivers/brad-evans.html]
[www.ferrari.com/en-EN/corse-clienti/drivers/john-leo.html]
[www.ferrari.com/en-EN/corse-clienti/drivers/jason-mccarthy.html]
[www.ferrari.com/en-EN/corse-clienti/drivers/charles-whittall.html]
[www.ferrari.com/en-EN/corse-clienti/drivers/james-owen.html]
[www.ferrari.com/en-EN/corse-clienti/drivers/steven-dopson.html]
[www.ferrari.com/en-EN/corse-clienti/drivers/steve-check.html]
[www.ferrari.com/en-EN/corse-clienti/drivers/andrea-levy.html]
[www.ferrari.com/en-EN/corse-clienti/drivers/hassan-dabboussi.html]
[www.ferrari.com/en-EN/corse-clienti/drivers/david-akhobadze.html]
[www.ferrari.com/en-EN/corse-clienti/drivers/masafumi-hiwatashi.html]
[www.ferrari.com/en-EN/corse-clienti/drivers/jeanluc-dauria.html]
[www.ferrari.com/en-EN/corse-clienti/drivers/james-weiland.html]
[www.ferrari.com/en-EN/corse-clienti/drivers/atsushi-iritani.html]
[www.ferrari.com/en-EN/corse-clienti/drivers/giammarco-marzialetti.html]
[www.ferrari.com/en-EN/corse-clienti/drivers/david-schmitt.html]
[www.ferrari.com/en-EN/corse-clienti/drivers/akihiro-tsuzuki.html]
[www.ferrari.com/en-EN/corse-clienti/drivers/pierluigi-alessandri.html]
[www.ferrari.com/en-EN/corse-clienti/drivers/michael-martin.html]
[www.ferrari.com/en-EN/corse-clienti/drivers/guy-fawe.html]
[www.ferrari.com/en-EN/corse-clienti/drivers/max-herve-george.html]
[www.ferrari.com/en-EN/corse-clienti/drivers/norikazu-shibata.html]
[www.ferrari.com/en-EN/corse-clienti/drivers/andrew-morrow.html]
[www.ferrari.com/en-EN/corse-clienti/drivers/sebastian-mascaro.html]
[www.ferrari.com/en-EN/corse-clienti/drivers/jacob-bidstrup.html]
[www.ferrari.com/en-EN/corse-clienti/drivers/takashi-toyoda.html]
[www.ferrari.com/en-EN/corse-clienti/drivers/gary-redman.html]
[www.ferrari.com/en-EN/corse-clienti/drivers/gerardo-marino.html]
[www.ferrari.com/en-EN/corse-clienti/drivers/yuga-furutani.html]
[www.ferrari.com/en-EN/corse-clienti/drivers/timo-glock.html]
[www.ferrari.com/en-EN/corse-clienti/drivers/omar-balkissoon.html]
[www.ferrari.com/en-EN/corse-clienti/drivers/sureel-choksi.html]
[www.ferrari.com/en-EN/corse-clienti/drivers/yamato-yamaguchi.html]
[www.ferrari.com/en-EN/corse-clienti/drivers/yoshifumi-komatsu.html]
[www.ferrari.com/en-EN/corse-clienti/drivers/faysal-shair.html]
[www.ferrari.com/en-EN/corse-clienti/drivers/gary-ott.html]
[www.ferrari.com/en-EN/corse-clienti/drivers/ernst-kirchmayr.html]
[www.ferrari.com/en-EN/corse-clienti/drivers/joakim-olander.html]
[www.ferrari.com/en-EN/corse-clienti/drivers/akita.html]
[www.ferrari.com/en-EN/corse-clienti/drivers/frank-szczesniakiii.html]
[www.ferrari.com/en-EN/corse-clienti/drivers/eric-cheung.html]
[www.ferrari.com/en-EN/corse-clienti/drivers/roger-toernbom.html]
[www.ferrari.com/en-EN/corse-clienti/drivers/richard-pineda.html]
[www.ferrari.com/en-EN/corse-clienti/drivers/andrzej-lewandowski.html]
[www.ferrari.com/en-EN/corse-clienti/drivers/takeshi-shigeto.html]
[www.ferrari.com/en-EN/corse-clienti/drivers/dan-magnuszewski]
[www.ferrari.com/en-EN/corse-clienti/drivers/benoit-bergeron.html]
[www.ferrari.com/en-EN/corse-clienti/drivers/tommy-lindroth.html]
[www.ferrari.com/en-EN/corse-clienti/drivers/koji-aoyama.html]
[www.ferrari.com/en-EN/corse-clienti/drivers/christian-potolicchio.html]
[www.ferrari.com/en-EN/corse-clienti/drivers/steve-blevit.html]
[www.ferrari.com/en-EN/corse-clienti/drivers/rey-acosta.html]
[www.ferrari.com/en-EN/corse-clienti/drivers/vicente-potolicchio.html]
[www.ferrari.com/en-EN/corse-clienti/drivers/henry-hassid.html]
[www.ferrari.com/en-EN/corse-clienti/drivers/niels-zibrandtsen.html]
[www.ferrari.com/en-EN/corse-clienti/drivers/henrik-kamstrup.html]
[www.ferrari.com/en-EN/corse-clienti/drivers/jesus-mendoza.html]
[www.ferrari.com/en-EN/corse-clienti/drivers/chris-hutter.html]
[www.ferrari.com/en-EN/corse-clienti/drivers/yasutaka-shirasaki.html]
[www.ferrari.com/en-EN/corse-clienti/drivers/haymandhra-pillai.html]
[www.ferrari.com/en-EN/corse-clienti/drivers/masaru-yoneda.html]
[www.ferrari.com/en-EN/corse-clienti/drivers/thomas-lofflad.html]
[www.ferrari.com/en-EN/corse-clienti/drivers/giacomo-altoe.html]
[www.ferrari.com/en-EN/corse-clienti/drivers/nobuhiro-imada.html]
[www.ferrari.com/en-EN/corse-clienti/drivers/sei-koga.html]
[www.ferrari.com/en-EN/corse-clienti/drivers/anthony-decarlo.html]
[www.ferrari.com/en-EN/corse-clienti/drivers/ryuichi-kunihiro.html]
[www.ferrari.com/en-EN/corse-clienti/drivers/deske.html]
[www.ferrari.com/en-EN/corse-clienti/drivers/christian-kinch.html]
[www.ferrari.com/en-EN/corse-clienti/drivers/willem-vandervorm.html]
[www.ferrari.com/en-EN/corse-clienti/drivers/fabrizio-fontana.html]
[www.ferrari.com/en-EN/corse-clienti/drivers/luca-engstler.html]
[www.ferrari.com/en-EN/corse-clienti/drivers/lance-cawley.html]
[www.ferrari.com/en-EN/corse-clienti/drivers/frank-kewitz.html]
[www.ferrari.com/en-EN/corse-clienti/drivers/giuseppe-frascaro.html]
[www.ferrari.com/en-EN/corse-clienti/drivers/john-horejsi.html]
[www.ferrari.com/en-EN/corse-clienti/drivers/motohiko-isozaki.html]
[www.ferrari.com/en-EN/corse-clienti/drivers/baby-kei.html]
[www.ferrari.com/en-EN/corse-clienti/drivers/eric-marston.html]
[www.ferrari.com/en-EN/corse-clienti/drivers/talal-shair.html]
[www.ferrari.com/en-EN/corse-clienti/drivers/mike-dewhirst.html]
[www.ferrari.com/en-EN/corse-clienti/drivers/michael-merrithew.html]
[www.ferrari.com/en-EN/corse-clienti/drivers/peter-hunter.html]
[www.ferrari.com/en-EN/corse-clienti/drivers/mutlu-tasev.html]
[www.ferrari.com/en-EN/corse-clienti/drivers/satoru-kako.html]
[www.ferrari.com/en-EN/corse-clienti/drivers/noriki-kawasaki.html]
[www.ferrari.com/en-EN/corse-clienti/drivers/bret-curtis.html]
[www.ferrari.com/en-EN/corse-clienti/drivers/lee-frost.html]
[www.ferrari.com/en-EN/corse-clienti/drivers/matt-dalton.html]
[www.ferrari.com/en-EN/corse-clienti/drivers/bernard-gomez.html]
[www.ferrari.com/en-EN/corse-clienti/drivers/aleksei-komarov.html]
[www.ferrari.com/en-EN/corse-clienti/drivers/anna-inotsume.html]
[www.ferrari.com/en-EN/corse-clienti/drivers/byron-baciocchi.html]
[www.ferrari.com/en-EN/corse-clienti/drivers/hiroyuki-katayama.html]
[www.ferrari.com/en-EN/corse-clienti/drivers/gregory-hopkins.html]
[www.ferrari.com/en-EN/corse-clienti/drivers/grey-fauvre.html]
[www.ferrari.com/en-EN/corse-clienti/drivers/kiwamu-katayama.html]
[www.ferrari.com/en-EN/corse-clienti/drivers/logan-broughton.html]
[www.ferrari.com/en-EN/corse-clienti/drivers/stuart-marston.html]
[www.ferrari.com/en-EN/corse-clienti/drivers/christophe-hurni.html]
[www.ferrari.com/en-EN/corse-clienti/drivers/yusaku-maezawa.html]
[www.ferrari.com/en-EN/corse-clienti/drivers/benn-godenzi.html]
[www.ferrari.com/en-EN/corse-clienti/drivers/christian-herdt-wipper.html]
[www.ferrari.com/en-EN/corse-clienti/drivers/gabe-hrib.html]
[www.ferrari.com/en-EN/corse-clienti/drivers/marco-zanasi.html]
[www.ferrari.com/en-EN/corse-clienti/drivers/alvarojose-trindaderamos.html]
[www.ferrari.com/en-EN/corse-clienti/drivers/dave-musial.html]
[www.ferrari.com/en-EN/corse-clienti/drivers/john-galarza.html]
[www.ferrari.com/en-EN/corse-clienti/drivers/rin-arakawa.html]
[www.ferrari.com/en-EN/corse-clienti/drivers/tim-hyde.html]
[www.ferrari.com/en-EN/corse-clienti/drivers/roger-monteforte.html]
[www.ferrari.com/en-EN/corse-clienti/drivers/roberto-perrina.html]
[www.ferrari.com/en-EN/corse-clienti/drivers/ivan-velascosanchez.html]
[www.ferrari.com/en-EN/corse-clienti/drivers/gilbert-yates.html]
[www.ferrari.com/en-EN/corse-clienti/drivers/roland-hertner.html]
[www.ferrari.com/en-EN/corse-clienti/drivers/luca-ludwig.html]
[www.ferrari.com/en-EN/corse-clienti/drivers/laura-villars.html]
[www.ferrari.com/en-EN/corse-clienti/drivers/neil-langberg.html]
[www.ferrari.com/en-EN/corse-clienti/drivers/germano-salernitano.html]
[www.ferrari.com/en-EN/corse-clienti/drivers/bryan-waltersdorf.html]
[www.ferrari.com/en-EN/corse-clienti/drivers/michael-louli.html]
[www.ferrari.com/en-EN/corse-clienti/drivers/cold-max.html]
[www.ferrari.com/en-EN/corse-clienti/drivers/ken-abe.html]
[www.ferrari.com/en-EN/corse-clienti/drivers/onur-haytac.html]
[www.ferrari.com/en-EN/corse-clienti/drivers/paolo-scudieri.html]
[www.ferrari.com/en-EN/corse-clienti/drivers/motohiro-kotani.html]
[www.ferrari.com/en-EN/corse-clienti/drivers/joseph-rubbo.html]
[www.ferrari.com/en-EN/corse-clienti/drivers/axel-sartingen.html]
[www.ferrari.com/en-EN/corse-clienti/drivers/jonathan-bennett]
[www.ferrari.com/en-EN/corse-clienti/drivers/kanji-yagura.html]
[www.ferrari.com/en-EN/corse-clienti/drivers/anthony-davis.html]
[www.ferrari.com/en-EN/corse-clienti/drivers/john-dhillon.html]
[www.ferrari.com/en-EN/corse-clienti/drivers/al-hegyi.html]
[www.ferrari.com/en-EN/corse-clienti/drivers/murat-cuhadaroglu.html]
[www.ferrari.com/en-EN/corse-clienti/drivers/yugo-iwasawa.html]
[www.ferrari.com/en-EN/corse-clienti/drivers/john-viskup.html]
[www.ferrari.com/en-EN/corse-clienti/drivers/franz-engstler.html]
[www.ferrari.com/en-EN/corse-clienti/drivers/anders-bidstrup.html]
[www.ferrari.com/en-EN/corse-clienti/drivers/michael-porter.html]
[www.ferrari.com/en-EN/corse-clienti/drivers/jeffrey-nunberg.html]
[www.ferrari.com/en-EN/corse-clienti/drivers/qwin-wietlisbach.html]
[www.ferrari.com/en-EN/corse-clienti/drivers/kazutaka-miura.html]
[www.ferrari.com/en-EN/corse-clienti/drivers/fukuda-kenichi.html]
[www.ferrari.com/en-EN/corse-clienti/drivers/herbert-geiss.html]
[www.ferrari.com/en-EN/corse-clienti/drivers/luigi-coluccio.html]
[www.ferrari.com/en-EN/corse-clienti/drivers/john-mckenna.html]
[www.ferrari.com/en-EN/corse-clienti/drivers/yudai-uchida.html]
[www.ferrari.com/en-EN/corse-clienti/drivers/jeremy-clarke.html]
[www.ferrari.com/en-EN/corse-clienti/drivers/sven-schoemer.html]
[www.ferrari.com/en-EN/corse-clienti/drivers/max-mugelli.html]
[www.ferrari.com/en-EN/corse-clienti/drivers/tsutomu-shimoyama.html]
[www.ferrari.com/en-EN/corse-clienti/drivers/roy-carroll.html]
[www.ferrari.com/en-EN/corse-clienti/drivers/massimo-perrina.html]
[www.ferrari.com/en-EN/corse-clienti/drivers/zois-skrimpias.html]
[www.ferrari.com/en-EN/corse-clienti/drivers/michael-verhagen.html]
[www.ferrari.com/en-EN/corse-clienti/drivers/claus-zibrandtsen.html]
[www.ferrari.com/en-EN/corse-clienti/drivers/joe-sposato.html]
[www.ferrari.com/en-EN/corse-clienti/drivers/corinna-gostner.html]
[www.ferrari.com/en-EN/corse-clienti/drivers/dylan-medler.html]
[www.ferrari.com/en-EN/auto/f80.html]
[www.ferrari.com/en-EN/corse-clienti/296-challenge.html]
[www.ferrari.com/en-EN/hypercar/ferrari-499p.html]
[www.ferrari.com/en-EN/competizioni-gt/296-gt3.html]
[www.ferrari.com/en-EN/corse-clienti/499p-modificata.html]
[www.ferrari.com/en-EN/corse-clienti/488-challenge-evo.html]
[www.ferrari.com/en-EN/corse-clienti/fxx-k-evo.html]
[www.ferrari.com/en-EN/corse-clienti/fxx-k.html]
[www.ferrari.com/en-EN/corse-clienti/599xx-evo.html]
[www.ferrari.com/en-EN/corse-clienti/599xx.html]
[www.ferrari.com/en-EN/corse-clienti/fxx-evo.html]
[www.ferrari.com/en-EN/corse-clienti/fxx.html]
[www.ferrari.com/en-EN/corse-clienti/f1-clienti-cars.html]
[www.ferrari.com/es-CO/races41cd]
[www.ferrari.com/choose-your-country7501.html]
[www.ferrari.com/corse-clienti/_next/static/runtime/polyfills-e760d887fc7bbc64924a.js]
[www.ferrari.com/en-EN/corse-clienti/finali-mondiali8b6f.html]
[www.ferrari.com/corse-clienti/_next/static/pWXBaB6thDNzs8gyW_dmX/_buildManifest.js]
[www.ferrari.com/museums/static/favicon_32x32.png]
[www.ferrari.com/museums/static/favicon_256x256.png]
[www.ferrari.com/es-ES/museums/one-of-a-kind.html]
[www.ferrari.com/museums/_next/static/css/styles.e3ca0e5f.chunk.css]
[www.ferrari.com/museums/_next/static/lxdapk7n5Dvy_W5AguObf/pages/scheda.js]
[www.ferrari.com/museums/_next/static/css/afc07cd5800c5ae025c3e5365b64a6c442d61c77.904a2e3e.chunk.css]
[www.ferrari.com/museums/_next/static/lxdapk7n5Dvy_W5AguObf/pages/_app.js]
[www.ferrari.com/museums/_next/static/runtime/webpack-4b444dab214c6491079c.js]
[www.ferrari.com/museums/_next/static/chunks/framework.6556c75321886d6b192b.js]
[www.ferrari.com/museums/_next/static/chunks/36a89214.33b9402fe63d109ca04d.js]
[www.ferrari.com/museums/_next/static/chunks/commons.585097ecf04f9fe49046.js]
[www.ferrari.com/museums/_next/static/chunks/styles.916c92465b68661e3825.js]
[www.ferrari.com/museums/_next/static/runtime/main-7883d92c0285406b5b66.js]
[www.ferrari.com/museums/_next/static/chunks/a1b77c74.b470a1ccbf1ee7bbd067.js]
[www.ferrari.com/museums/_next/static/chunks/01253bc4.4c6444aaf19de0b54837.js]
[www.ferrari.com/museums/_next/static/chunks/b637e9a5.2e8534bb2169bb49aff8.js]
[www.ferrari.com/museums/_next/static/chunks/94726e6d.955566218386ea4fa538.js]
[www.ferrari.com/museums/_next/static/chunks/e2bb65db9e149b1ad7ad17fbfbc7bd03e99a38d7.2d9c89a462f948698b73.js]
[www.ferrari.com/museums/_next/static/chunks/afc07cd5800c5ae025c3e5365b64a6c442d61c77.23d5597f886842d4be11.js]
[www.ferrari.com/museums/_next/static/chunks/2386d10b2c3435d76986991c2d9113679c6c415e.24458ae5d7f62156512a.js]
[www.ferrari.com/en-CO/museums.html]
[www.ferrari.com/es-ES/museums/ferrari-museums-visit-tickets-packages.html]
[www.ferrari.com/en-EN/museums/ferrari-museums-visit-tickets-packages.html]
[www.ferrari.com/en-EN/museums/ferrari-museums-pass.html]
[www.ferrari.com/en-EN/museums/f1-driving-simulation.html]
[www.ferrari.com/en-EN/museums/education.html]
[www.ferrari.com/en-EN/museums/discover-ferrari-pavarotti-land.html]
[cdn.ferrari.com/cms/network/media/img/resize/5ee777f641abe86fce52d3d8-ferrari-museo-maranello-pavarotti_land95e8.jpg]
[www.ferrari.com/choose-your-countryb46e.html]
[www.ferrari.com/museums/_next/static/runtime/polyfills-e760d887fc7bbc64924a.js]
[www.ferrari.com/es-ES/museums/one-of-a-kind80c2.html]
[www.ferrari.com/museums/_next/static/lxdapk7n5Dvy_W5AguObf/_buildManifest.js]
[www.ferrari.com/es-ES/auto/modelos-del-pasado5873.html]
[www.ferrari.com/es-ES/auto/modelos-del-pasado.html]
[www.ferrari.com/en-EN/formula1/charles-leclerc.html]
[www.ferrari.com/formula1/_next/static/VgH5BgVWSEOdGmn9ir0QF/pages/scheda.js]
[www.ferrari.com/en-EN/formula1/carlos-sainz.html]
[www.ferrari.com/hypercar/_next/static/tw6T8p1RQz-5ET-ZvUsKu/pages/index.js]
[www.ferrari.com/hypercar/_next/static/chunks/ebfc070cfa8c3359b94308bdf2839e84d2febd69.2530a1162f7fdd0cbccf.js]
[www.ferrari.com/en-EN/hypercar/articles/bahrain-the-history-of-ferrari-in-endurance-racing.html]
[www.ferrari.com/en-EN/hypercar/alessandro-pier-guidi.html]
[www.ferrari.com/en-EN/hypercar/james-calado.html]
[www.ferrari.com/en-EN/hypercar/antonio-giovinazzi.html]
[www.ferrari.com/en-EN/hypercar/antonio-fuoco.html]
[www.ferrari.com/en-EN/hypercar/miguel-molina.html]
[www.ferrari.com/en-EN/hypercar/nicklas-nielsen.html]
[www.ferrari.com/en-EN/hypercar/robert-shwartzman.html]
[www.ferrari.com/en-EN/hypercar/yifei-ye.html]
[www.ferrari.com/en-EN/hypercar/articles/relive-the-lone-star-le-mans-with-full-access-the-red-line.html]
[www.ferrari.com/en-EN/hypercar/news.html]
[www.ferrari.com/en-EN/hypercar/qatar.html]
[www.ferrari.com/en-EN/hypercar/imola.html]
[www.ferrari.com/en-EN/hypercar/spa-francorchamps.html]
[www.ferrari.com/en-EN/hypercar/le-mans.html]
[www.ferrari.com/en-EN/hypercar/sao-paulo.html]
[www.ferrari.com/en-EN/hypercar/lone-star-le-mans.html]
[www.ferrari.com/en-EN/hypercar/fuji.html]
[www.ferrari.com/en-EN/hypercar/bahrain.html]
[www.ferrari.com/en-EN/hypercar/all-media.html]
[www.ferrari.com/en-EN/history/moments/1949/triumph-at-le-mans.html]
[www.ferrari.com/en-EN/history/moments/1953/sportscar-champions.html]
[www.ferrari.com/en-EN/history/moments/1961/red-monopoly.html]
[www.ferrari.com/en-EN/history/moments/1963/le-mans-italy.html]
[www.ferrari.com/en-EN/history/moments/1965/victory-at-targa.html]
[www.ferrari.com/en-EN/history/moments/1967/legendary-finish.html]
[www.ferrari.com/en-EN/history/moments/1970/the-512-s-miracle.html]
[www.ferrari.com/en-EN/hypercar.html]
[www.ferrari.com/en-EN/history/moments/1972/clean-sweep-for-312-p.html]
[www.ferrari.com/competizioni-gt/static/favicon_32x32.png]
[www.ferrari.com/competizioni-gt/static/favicon_256x256.png]
[www.ferrari.com/competizioni-gt/_next/static/css/styles.9d223911.chunk.css]
[www.ferrari.com/competizioni-gt/_next/static/css/705c3619fc5d6a37b54d96e5e78d4f1a28c3c975.655c157d.chunk.css]
[www.ferrari.com/competizioni-gt/_next/static/Y7e0BLCh1btxaUnEZ5Ww6/pages/index.js]
[www.ferrari.com/competizioni-gt/_next/static/Y7e0BLCh1btxaUnEZ5Ww6/pages/_app.js]
[www.ferrari.com/competizioni-gt/_next/static/runtime/webpack-4b444dab214c6491079c.js]
[www.ferrari.com/competizioni-gt/_next/static/chunks/framework.6556c75321886d6b192b.js]
[www.ferrari.com/competizioni-gt/_next/static/chunks/36a89214.33b9402fe63d109ca04d.js]
[www.ferrari.com/competizioni-gt/_next/static/chunks/styles.916c92465b68661e3825.js]
[www.ferrari.com/competizioni-gt/_next/static/chunks/commons.7836a34496a4f007a714.js]
[www.ferrari.com/competizioni-gt/_next/static/runtime/main-7883d92c0285406b5b66.js]
[www.ferrari.com/competizioni-gt/_next/static/chunks/a1b77c74.b470a1ccbf1ee7bbd067.js]
[www.ferrari.com/competizioni-gt/_next/static/chunks/01253bc4.4c6444aaf19de0b54837.js]
[www.ferrari.com/competizioni-gt/_next/static/chunks/b637e9a5.2e8534bb2169bb49aff8.js]
[www.ferrari.com/competizioni-gt/_next/static/chunks/94726e6d.955566218386ea4fa538.js]
[www.ferrari.com/competizioni-gt/_next/static/chunks/2a589314a784cf4d6e850f769e80ab58bba0ece2.5bddbdae5bfdb5c03221.js]
[www.ferrari.com/competizioni-gt/_next/static/chunks/c41e3a275d80da9fb128bb89d415cf0cba436827.63e6dd25054ab9b7deed.js]
[www.ferrari.com/en-EN/competizioni-gt/articles/weekend-preview-final-challenges-at-monza-for-cigt-endurance.html]
[www.ferrari.com/competizioni-gt/_next/static/chunks/705c3619fc5d6a37b54d96e5e78d4f1a28c3c975.83b280706d4bf261a1e4.js]
[www.ferrari.com/en-EN/competizioni-gt/articles/ye-fuoco-and-serra-at-macau-gp-for-fia-gt-world-cup.html]
[www.ferrari.com/en-EN/competizioni-gt/articles/ferrari-endurance-official-driver-contract-renewals.html]
[www.ferrari.com/en-EN/competizioni-gt/articles/weekend-notebook-titles-at-monza-and-portimao.html]
[www.ferrari.com/en-EN/competizioni-gt/news.html]
[www.ferrari.com/it-IT/corse-clienti/club-competizioni-gt.html]
[www.ferrari.com/en-EN/competizioni-gt/all-series.html]
[www.ferrari.com/choose-your-countryfb8f.html]
[www.ferrari.com/competizioni-gt/_next/static/runtime/polyfills-e760d887fc7bbc64924a.js]
[www.ferrari.com/en-EN/competizioni-gt.html]
[www.ferrari.com/competizioni-gt/_next/static/Y7e0BLCh1btxaUnEZ5Ww6/_buildManifest.js]
[www.ferrari.com/esports/static/favicon_32x32.png]
[www.ferrari.com/esports/static/favicon_256x256.png]
[www.ferrari.com/esports/_next/static/css/styles.1421ff8e.chunk.css]
[www.ferrari.com/esports/_next/static/css/191c70c283f8566035867f36bd3621d95b3bee5f.30dd22f5.chunk.css]
[www.ferrari.com/esports/_next/static/bJjxMqsaNOwkfWLNo4IeQ/pages/index.js]
[www.ferrari.com/esports/_next/static/bJjxMqsaNOwkfWLNo4IeQ/pages/_app.js]
[www.ferrari.com/esports/_next/static/runtime/webpack-4b444dab214c6491079c.js]
[www.ferrari.com/esports/_next/static/chunks/framework.4627232918288795dbae.js]
[www.ferrari.com/esports/_next/static/chunks/36a89214.33b9402fe63d109ca04d.js]
[www.ferrari.com/esports/_next/static/chunks/commons.9b5adba0491b35f94ecc.js]
[www.ferrari.com/esports/_next/static/chunks/styles.5fdc75cf717ecd104e1f.js]
[www.ferrari.com/esports/_next/static/runtime/main-54a1ca5f305304c3f68b.js]
[www.ferrari.com/esports/_next/static/chunks/a1b77c74.41834a1a3ca35e37f0a2.js]
[www.ferrari.com/esports/_next/static/chunks/01253bc4.4c6444aaf19de0b54837.js]
[www.ferrari.com/esports/_next/static/chunks/b637e9a5.129bfd578e34aa20da92.js]
[www.ferrari.com/esports/_next/static/chunks/94726e6d.3ae22fc862dc173deef3.js]
[www.ferrari.com/esports/_next/static/chunks/38670bf94d368e7cb18b18625f07f0d77de5087b.56db57ea057d348d6725.js]
[www.ferrari.com/esports/_next/static/chunks/150165437d905f2255a84d79e3331dcfafcfd566.1a402b8333e7b4275d01.js]
[www.ferrari.com/esports/_next/static/chunks/191c70c283f8566035867f36bd3621d95b3bee5f.f2b3eb9180080b7eb630.js]
[www.ferrari.com/en-EN/esports/articles/scuderia-ferrari-hp-esports-team-wins-f1-sim-racing-constructors-title.html]
[www.ferrari.com/en-EN/esports/timotej-andonovski.html]
[www.ferrari.com/en-EN/esports/gergo-baldi.html]
[www.ferrari.com/en-EN/esports/bari-broumand.html]
[www.ferrari.com/en-EN/esports/graham-carroll.html]
[www.ferrari.com/en-EN/esports/isaac-gillissen.html]
[www.ferrari.com/en-EN/esports/chris-harteveld.html]
[www.ferrari.com/en-EN/esports/dennis-jordan.html]
[www.ferrari.com/en-EN/esports/nicolas-longuet.html]
[www.ferrari.com/en-EN/esports/jonathan-riley.html]
[www.ferrari.com/en-EN/esports/articles/ferrari-hp-esports-asphalt-series-starts-now.html]
[www.ferrari.com/en-EN/esports/articles/f1-sim-racing-scuderia-ferrari-in-the-fight-in-championship-finale.html]
[www.ferrari.com/en-EN/esports/news.html]
[www.ferrari.com/choose-your-country8c07.html]
[www.ferrari.com/esports/_next/static/runtime/polyfills-38c9ce871ec7e101b127.js]
[www.ferrari.com/en-EN/esports.html]
[www.ferrari.com/esports/_next/static/bJjxMqsaNOwkfWLNo4IeQ/_buildManifest.js]
[www.ferrari.com/fda/static/favicon_32x32.png]
[www.ferrari.com/fda/static/favicon_256x256.png]
[www.ferrari.com/fda/_next/static/css/styles.cb94e538.chunk.css]
[www.ferrari.com/fda/_next/static/tF2HOnWI3Rh0Q5TuyJBNa/pages/index.js]
[www.ferrari.com/fda/_next/static/css/ab7ada1d2894556d7d8325959fe96a06d49844b4.049a6037.chunk.css]
[www.ferrari.com/fda/_next/static/tF2HOnWI3Rh0Q5TuyJBNa/pages/_app.js]
[www.ferrari.com/fda/_next/static/runtime/webpack-4b444dab214c6491079c.js]
[www.ferrari.com/fda/_next/static/chunks/framework.4627232918288795dbae.js]
[www.ferrari.com/fda/_next/static/chunks/36a89214.33b9402fe63d109ca04d.js]
[www.ferrari.com/fda/_next/static/chunks/commons.5a8bee8be2e6d08c4296.js]
[www.ferrari.com/fda/_next/static/chunks/styles.5fdc75cf717ecd104e1f.js]
[www.ferrari.com/fda/_next/static/runtime/main-e43024ea3f426d12f675.js]
[www.ferrari.com/fda/_next/static/chunks/a1b77c74.b470a1ccbf1ee7bbd067.js]
[www.ferrari.com/fda/_next/static/chunks/01253bc4.4c6444aaf19de0b54837.js]
[www.ferrari.com/fda/_next/static/chunks/b637e9a5.2e8534bb2169bb49aff8.js]
[www.ferrari.com/fda/_next/static/chunks/94726e6d.955566218386ea4fa538.js]
[www.ferrari.com/fda/_next/static/chunks/7f18c27ebe31427e8da4c6511715eaf984f7322f.01a67a6302ad1503e84e.js]
[www.ferrari.com/fda/_next/static/chunks/ab7ada1d2894556d7d8325959fe96a06d49844b4.b876b0b75a8a7cde0527.js]
[www.ferrari.com/fda/_next/static/chunks/d55fd88460d0f9f58118b49856dbaa5044d1b5dd.8e26e34fcef2e8a07441.js]
[www.ferrari.com/en-EN/fda/articles/freca-last-dance-at-monza-for-camara-and-taponen.html]
[www.ferrari.com/en-EN/fda/articles/2024-world-scouting-camp-underway-in-maranello.html]
[www.ferrari.com/en-EN/fda/articles/costa-toparis-on-top-in-asia-pacific-scouting-camp.html]
[www.ferrari.com/en-EN/fda/oliver-bearman.html]
[www.ferrari.com/en-EN/fda/dino-beganovic.html]
[www.ferrari.com/en-EN/fda/rafael-camara.html]
[www.ferrari.com/en-EN/fda/aurelia-nobels.html]
[www.ferrari.com/en-EN/fda/tuukka-taponen.html]
[www.ferrari.com/en-EN/fda/maya-weug.html]
[www.ferrari.com/en-EN/fda/jules-bianchi.html]
[www.ferrari.com/fda/static/assets/img/placeholder.jpg]
[www.ferrari.com/en-EN/fda/articles/a-taste-of-2025-for-camara-and-taponen.html]
[www.ferrari.com/en-EN/fda/news.html]
[www.ferrari.com/choose-your-country3d97.html]
[www.ferrari.com/fda/_next/static/runtime/polyfills-e760d887fc7bbc64924a.js]
[www.ferrari.com/en-EN/fda.html]
[www.ferrari.com/es-ES/auto/gama/index.html]
[www.ferrari.com/fda/_next/static/tF2HOnWI3Rh0Q5TuyJBNa/_buildManifest.js]
[www.ferrari.com/es-ES/auto/myferrari.html]
[www.ferrari.com/es-ES/auto/concesionarios.html]
[www.ferrari.com/en-EN/auto/recall-information.html]
[www.ferrari.com/es-ES/scuderia-ferrari-selectionc4d7.html]
[www.ferrari.com/_next/static/Cz3kCnOH7ZC156v-nxxwr/pages/page.js]
[www.ferrari.com/es-ES/scuderia-ferrari-selection.html]
[www.ferrari.com/corse-clienti/_next/static/pWXBaB6thDNzs8gyW_dmX/pages/index.js]
[www.ferrari.com/en-EN/corse-clienti/articles/ferrari-296-challenge-at-the-fia-motorsport-games.html]
[www.ferrari.com/en-EN/corse-clienti/news.html]
[www.ferrari.com/en-EN/corse-clienti/abu-dhabi.html]
[www.ferrari.com/en-EN/corse-clienti/suzuka.html]
[www.ferrari.com/en-EN/corse-clienti/brands-hatch.html]
[www.ferrari.com/en-EN/corse-clienti/cota.html]
[www.ferrari.com/en-EN/corse-clienti/mugello.html]
[www.ferrari.com/en-EN/corse-clienti/oulton-park.html]
[www.ferrari.com/en-EN/corse-clienti/fuji.html]
[www.ferrari.com/en-EN/corse-clienti/laguna-seca.html]
[www.ferrari.com/en-EN/corse-clienti/balaton.html]
[www.ferrari.com/en-EN/corse-clienti/snetterton.html]
[www.ferrari.com/en-EN/corse-clienti/sugo.html]
[www.ferrari.com/en-EN/corse-clienti/montreal.html]
[www.ferrari.com/en-EN/corse-clienti/jerez.html]
[www.ferrari.com/en-EN/corse-clienti/suzuka-frd.html]
[www.ferrari.com/en-EN/corse-clienti/portimao.html]
[www.ferrari.com/en-EN/corse-clienti/watkins-glen.html]
[www.ferrari.com/en-EN/corse-clienti/donington.html]
[www.ferrari.com/en-EN/corse-clienti/le-castellet.html]
[www.ferrari.com/en-EN/corse-clienti/sonoma.html]
[www.ferrari.com/en-EN/corse-clienti/okayama.html]
[www.ferrari.com/en-EN/corse-clienti/nurburgring.html]
[www.ferrari.com/en-EN/corse-clienti/silverstone.html]
[www.ferrari.com/en-EN/corse-clienti/indianapolis.html]
[www.ferrari.com/en-EN/corse-clienti/calendar.html]
[www.ferrari.com/en-EN/corse-clienti/europe.html]
[www.ferrari.com/en-EN/corse-clienti/north-america.html]
[www.ferrari.com/en-EN/corse-clienti/uk.html]
[www.ferrari.com/en-EN/corse-clienti/japan.html]
[www.ferrari.com/en-EN/corse-clienti/xx-programmes.html]
[www.ferrari.com/en-EN/corse-clienti/sport-prototipi-clienti.html]
[www.ferrari.com/en-EN/corse-clienti/f1-clienti.html]
[www.ferrari.com/en-EN/corse-clienti/club-competizioni-gt.html]
[www.ferrari.com/es-CO/races4921]
[www.ferrari.com/en-EN/corse-clienti.html]
[www.ferrari.com/esports/_next/static/bJjxMqsaNOwkfWLNo4IeQ/pages/scheda.js]
[www.ferrari.com/en-EN/esports/articles/ferrari-esports-series-returns-for-exciting-fifth-edition-in-2024.html]
[www.ferrari.com/en-EN/esports/ferrari-esports-series.html]
[www.ferrari.com/en-EN/esports/articles/gergo-baldi-and-isaac-gillissen-join-the-scuderia-ferrari-esports-team.html]
[www.ferrari.com/ristorante-cavallino/static/favicon_32x32.png]
[www.ferrari.com/ristorante-cavallino/static/favicon_256x256.png]
[www.ferrari.com/ristorante-cavallino/_next/static/css/styles.bc4ac184.chunk.css]
[www.ferrari.com/ristorante-cavallino/_next/static/FKdou6MukNDw4YtazAicm/pages/index.js]
[www.ferrari.com/ristorante-cavallino/_next/static/css/f80172be3e40131f75995a697a9275c6110bf07c.ba4e0eba.chunk.css]
[www.ferrari.com/ristorante-cavallino/_next/static/FKdou6MukNDw4YtazAicm/pages/_app.js]
[www.ferrari.com/ristorante-cavallino/_next/static/runtime/webpack-4b444dab214c6491079c.js]
[www.ferrari.com/ristorante-cavallino/_next/static/chunks/framework.6556c75321886d6b192b.js]
[www.ferrari.com/ristorante-cavallino/_next/static/chunks/36a89214.b1a5a88b2948a5fb7bf2.js]
[www.ferrari.com/ristorante-cavallino/_next/static/chunks/commons.a68faf054893eb0005d0.js]
[www.ferrari.com/ristorante-cavallino/_next/static/chunks/styles.3f2cb2724140320162bf.js]
[www.ferrari.com/ristorante-cavallino/_next/static/runtime/main-44695a3b2da0c9c4944a.js]
[www.ferrari.com/ristorante-cavallino/_next/static/chunks/a1b77c74.41834a1a3ca35e37f0a2.js]
[www.ferrari.com/ristorante-cavallino/_next/static/chunks/01253bc4.4c6444aaf19de0b54837.js]
[www.ferrari.com/ristorante-cavallino/_next/static/chunks/b637e9a5.129bfd578e34aa20da92.js]
[www.ferrari.com/ristorante-cavallino/_next/static/chunks/94726e6d.3ae22fc862dc173deef3.js]
[www.ferrari.com/ristorante-cavallino/_next/static/chunks/6e5e2ca1f0fdbfb56416d1159bd95a580fdc8162.257aa85dfaad35324be4.js]
[www.ferrari.com/ristorante-cavallino/_next/static/chunks/f80172be3e40131f75995a697a9275c6110bf07c.a7b73ab17658a65f3cf9.js]
[www.ferrari.com/ristorante-cavallino/_next/static/chunks/9b91bfe37a57ef13f517ae5d9c3ab8055f00797a.5a5cc56529c65ca4d2c6.js]
[www.ferrari.com/ristorante-cavallino/_next/static/chunks/a49c9f344be7dbcab4f4bfa78339ad1d57c867a7.93df71b3462722471d9c.js]
[www.ferrari.com/es-ES/ristorante-cavallino/booking.html]
[www.ferrari.com/es-ES/ristorante-cavallino/history.html]
[www.ferrari.com/es-ES/ristorante-cavallino/massimo-bottura.html]
[www.ferrari.com/es-ES/ristorante-cavallino/team.html]
[www.ferrari.com/es-ES/ristorante-cavallino/menu.html]
[www.ferrari.com/es-ES/ristorante-cavallino/restaurant.html]
[www.ferrari.com/es-ES/ristorante-cavallino/contacts.html]
[www.ferrari.com/choose-your-country31d7.html]
[www.ferrari.com/ristorante-cavallino/_next/static/runtime/polyfills-75765458e1aa2f15f992.js]
[www.ferrari.com/es-ES/ristorante-cavallino.html]
[www.ferrari.com/ristorante-cavallino/_next/static/FKdou6MukNDw4YtazAicm/_buildManifest.js]
[www.ferrari.com/museums/_next/static/lxdapk7n5Dvy_W5AguObf/pages/index.js]
[www.ferrari.com/es-ES/museums/roaring-50s.html]
[www.ferrari.com/es-ES/museums/90-years-scuderia-ferrari.html]
[www.ferrari.com/es-ES/museums/hypercars.html]
[www.ferrari.com/es-ES/museums/exhibitions-all.html]
[www.ferrari.com/es-ES/museums/factory-tour.html]
[www.ferrari.com/es-ES/museums/modena-museum-track-visit.html]
[www.ferrari.com/es-ES/museums/f1-driving-simulation.html]
[www.ferrari.com/en-EN/museums/personalised-experience.html]
[www.ferrari.com/es-ES/museums/all-activities.html]
[www.ferrari.com/es-ES/museums/form-tour-operator.html]
[www.ferrari.com/es-ES/museums/brochures.html]
[www.ferrari.com/es-ES/museums/ferrari-maranello.html]
[www.ferrari.com/es-ES/museums.html]
[www.ferrari.com/es-ES/museums/enzo-ferrari-modena.html]
[www.ferrari.com/corporate/static/favicon_32x32.png]
[www.ferrari.com/corporate/static/favicon_256x256.png]
[www.ferrari.com/corporate/_next/static/css/styles.626c76c3.chunk.css]
[www.ferrari.com/corporate/_next/static/css/49478343df5f7506c47fbada3bd1cf5aa1776047.e96e25bf.chunk.css]
[www.ferrari.com/corporate/_next/static/0HZDC7tYzT7Wr3ZsbAwPk/pages/index.js]
[www.ferrari.com/corporate/_next/static/0HZDC7tYzT7Wr3ZsbAwPk/pages/_app.js]
[www.ferrari.com/corporate/_next/static/runtime/webpack-4b444dab214c6491079c.js]
[www.ferrari.com/corporate/_next/static/chunks/framework.6556c75321886d6b192b.js]
[www.ferrari.com/corporate/_next/static/chunks/36a89214.33b9402fe63d109ca04d.js]
[www.ferrari.com/corporate/_next/static/chunks/commons.c86900f3f47479190d31.js]
[www.ferrari.com/corporate/_next/static/chunks/styles.916c92465b68661e3825.js]
[www.ferrari.com/corporate/_next/static/runtime/main-7883d92c0285406b5b66.js]
[www.ferrari.com/corporate/_next/static/chunks/a1b77c74.b470a1ccbf1ee7bbd067.js]
[www.ferrari.com/corporate/_next/static/chunks/01253bc4.4c6444aaf19de0b54837.js]
[www.ferrari.com/corporate/_next/static/chunks/b637e9a5.129bfd578e34aa20da92.js]
[www.ferrari.com/corporate/_next/static/chunks/94726e6d.955566218386ea4fa538.js]
[www.ferrari.com/corporate/_next/static/chunks/49478343df5f7506c47fbada3bd1cf5aa1776047.0cb22af5dfc554814077.js]
[www.ferrari.com/corporate/_next/static/chunks/6a5b75b5e50e62a118a63827dfacbed54affada5.044be225cd34f568c582.js]
[www.ferrari.com/corporate/_next/static/chunks/905402a4270683b4a37d3c38142eb5594ef6d2cc.96f3b74db9d44b51f78a.js]
[www.ferrari.com/en-EN/corporate/investors.html]
[www.ferrari.com/en-EN/corporate/contacts.html]
[www.ferrari.com/en-EN/corporate/about-us.html]
[www.ferrari.com/en-EN/corporate/governance.html]
[www.ferrari.com/en-EN/corporate/key-metrics.html]
[www.ferrari.com/en-EN/corporate/articles/ferrari-and-shell-renew-their-partnership.html]
[www.ferrari.com/en-EN/corporate/articles/ferrari-nv-periodic-report-on-the-buyback-program-207.html]
[www.ferrari.com/en-EN/corporate/articles/f80-ferraris-new-supercar-corporate.html]
[www.ferrari.com/en-EN/corporate/press-releases.html]
[www.ferrari.com/choose-your-country319d.html]
[www.ferrari.com/corporate/_next/static/runtime/polyfills-e760d887fc7bbc64924a.js]
[www.ferrari.com/en-EN/corporate.html]
[www.ferrari.com/corporate/_next/static/0HZDC7tYzT7Wr3ZsbAwPk/_buildManifest.js]
[www.ferrari.com/corporate/_next/static/0HZDC7tYzT7Wr3ZsbAwPk/pages/scheda.js]
[www.ferrari.com/en-EN/corporate/sustainability-strategy.html]
[www.ferrari.com/en-EN/corporate/sustainability-reports.html]
[www.ferrari.com/en-EN/corporate/sustainability.html]
[www.ferrari.com/en-EN/corporate/code-conduct.html]
[www.ferrari.com/media-centre/static/favicon_32x32.png]
[www.ferrari.com/media-centre/static/favicon_256x256.png]
[www.ferrari.com/en-EN/media-centre.html]
[www.ferrari.com/magazine/_next/static/5gQrtXhnCDwh40lWC40Df/pages/index.js]
[www.ferrari.com/magazine/_next/static/chunks/0099c0f0d3c5d0aff3a91f23a155e3d2fdde4bcd.448ca26bccb3e7766f46.js]
[www.ferrari.com/es-ES/magazine/articles/en-rapido-crecimiento-austin-texas-tour-monza-sp2.html]
[www.ferrari.com/es-ES/magazine/articles/carreras-del-pasado-2024-tribute-to-targa-florio.html]
[www.ferrari.com/es-ES/magazine/articles/preciso-fornido-sensual-el-12cilindri.html]
[www.ferrari.com/es-ES/magazine/articles/incredible-garages-with-swizz-beatz.html]
[www.ferrari.com/es-ES/magazine/articles/sinfonia-n-12.html]
[www.ferrari.com/es-ES/magazine/articles/coleccionando-perfeccion.html]
[www.ferrari.com/es-ES/magazine/articles/the-ferrari-cabinet-ss25-coleccion-septiembre-2024.html]
[www.ferrari.com/es-ES/magazine/articles/un-mundo-aparte-cavalcade-classiche-2024-trieste.html]
[www.ferrari.com/es-ES/magazine/articles/ferrari-triunfa-en-fuji.html]
[www.ferrari.com/es-ES/magazine/articles/aristocratic-elegance-ferrari-250-GT-Boano.html]
[www.ferrari.com/es-ES/magazine/articles/winning-formula-f50.html]
[www.ferrari.com/es-ES/magazine/articles/a-celebration-of-the-front-engine-ferrari-v12.html]
[www.ferrari.com/es-ES/magazine/articles/potencia-estelar-nicholas-hoult.html]
[www.ferrari.com/es-ES/magazine/articles/superneumaticos-para-superdeportivos.html]
[www.ferrari.com/es-ES/magazine/articles/el-legado-del-gto.html]
[www.ferrari.com/es-ES/magazine/articles/la-magia-de-monza.html]
[www.ferrari.com/es-ES/magazine/articles/esto-no-es-un-ferrari.html]
[www.ferrari.com/es-ES/magazine/articles/dual-purpose-ferrari-sf90-xx-stradale.html]
[www.ferrari.com/es-ES/magazine/news81db.html]
[www.ferrari.com/es-ES/magazine/news1748.html]
[www.ferrari.com/es-ES/magazine/news69fe.html]
[www.ferrari.com/es-ES/magazine.html]
[www.ferrari.com/es-ES/magazine/news.html]
[www.ferrari.com/history/static/favicon_32x32.png]
[www.ferrari.com/history/static/favicon_256x256.png]
[www.ferrari.com/history/_next/static/css/styles.1d553ede.chunk.css]
[www.ferrari.com/history/_next/static/css/b5331e628e729ff708f7e58b21a8af443a4c06c9.6a2dafce.chunk.css]
[www.ferrari.com/history/_next/static/css/999731cad9a50d0639bfd751a520b872e38017ad.c24cf9f8.chunk.css]
[www.ferrari.com/history/_next/static/YfSqN1_Qm9k3Q-XJ1fcT2/pages/index.js]
[www.ferrari.com/history/_next/static/YfSqN1_Qm9k3Q-XJ1fcT2/pages/_app.js]
[www.ferrari.com/history/_next/static/runtime/webpack-4b444dab214c6491079c.js]
[www.ferrari.com/history/_next/static/chunks/framework.6556c75321886d6b192b.js]
[www.ferrari.com/history/_next/static/chunks/36a89214.33b9402fe63d109ca04d.js]
[www.ferrari.com/history/_next/static/chunks/commons.8749b79a3bee6ca06939.js]
[www.ferrari.com/history/_next/static/chunks/styles.18f187ab71735b8b1fd0.js]
[www.ferrari.com/history/_next/static/runtime/main-5bba2791d3889d30f7a7.js]
[www.ferrari.com/history/_next/static/chunks/a1b77c74.41834a1a3ca35e37f0a2.js]
[www.ferrari.com/history/_next/static/chunks/01253bc4.7d13b8ca9792234b66b1.js]
[www.ferrari.com/history/_next/static/chunks/b637e9a5.129bfd578e34aa20da92.js]
[www.ferrari.com/history/_next/static/chunks/94726e6d.3ae22fc862dc173deef3.js]
[www.ferrari.com/history/_next/static/chunks/29107295.43679726879428084fba.js]
[www.ferrari.com/history/_next/static/chunks/999731cad9a50d0639bfd751a520b872e38017ad.ee48eacb5b1003b84dfb.js]
[www.ferrari.com/history/_next/static/chunks/b5331e628e729ff708f7e58b21a8af443a4c06c9.5bf0c52fba3d3996fb60.js]
[www.ferrari.com/en-EN.html]
[www.ferrari.com/en-EN/history/moments/1947/first-victory.html]
[www.ferrari.com/en-EN/history/moments/1948/launch-of-166-mm.html]
[www.ferrari.com/en-EN/history/moments/1950/a-red-mille-miglia.html]
[www.ferrari.com/en-EN/history/moments/1950/debut-in-f1.html]
[www.ferrari.com/en-EN/history/moments/1951/first-f1-win.html]
[www.ferrari.com/en-EN/history/moments/1952/marzottos-monaco-win.html]
[www.ferrari.com/en-EN/history/moments/1952/victory-for-ascari.html]
[www.ferrari.com/en-EN/history/moments/1954/last-pan-american.html]
[www.ferrari.com/en-EN/history/moments/1954/queen-of-paris.html]
[www.ferrari.com/en-EN/history/moments/1955/the-lady-of-the-coupe.html]
[www.ferrari.com/en-EN/history/moments/1956/fangio-champion.html]
[www.ferrari.com/en-EN/history/moments/1957/last-mille-miglia.html]
[www.ferrari.com/en-EN/history/moments/1957/california-dreaming.html]
[www.ferrari.com/en-EN/history/moments/1958/elegant-champion.html]
[www.ferrari.com/en-EN/history/moments/1959/american-resistance.html]
[www.ferrari.com/en-EN/history/moments/1960/five-straight-wins-at-the-tt.html]
[www.ferrari.com/en-EN/history/moments/1962/masterpiece.html]
[www.ferrari.com/en-EN/history/moments/1964/hero-of-the-two-worlds.html]
[www.ferrari.com/en-EN/history/moments/1966/365-p-jewel.html]
[www.ferrari.com/en-EN/history/moments/1968/tribute-to-the-triumph.html]
[www.ferrari.com/en-EN/history/moments/1968/argentine-tango.html]
[www.ferrari.com/en-EN/history/moments/1969/dino-of-tasmania.html]
[www.ferrari.com/en-EN/history/moments/1969/masters-of-europe.html]
[www.ferrari.com/en-EN/history/moments/1969/a-new-partner.html]
[www.ferrari.com/en-EN/history/moments/1971/the-365-gt4-bb.html]
[www.ferrari.com/en-EN/history/moments/1972/home-track.html]
[www.ferrari.com/en-EN/history/moments/1973/dino-308-gt4-arrives.html]
[www.ferrari.com/en-EN/history/moments/1974/fever-at-50.html]
[www.ferrari.com/en-EN/history/moments/1975/lauda-champion.html]
[www.ferrari.com/en-EN/history/moments/1975/first-time.html]
[www.ferrari.com/en-EN/history/moments/1976/automatically-lovely.html]
[www.ferrari.com/en-EN/history/moments/1977/niki-double.html]
[www.ferrari.com/en-EN/history/moments/1978/prophet-at-home.html]
[www.ferrari.com/en-EN/history/moments/1979/scheckter-world-title.html]
[www.ferrari.com/en-EN/history/moments/1980/4-places-8th-title.html]
[www.ferrari.com/en-EN/history/moments/1981/turbo-win-in-monaco.html]
[www.ferrari.com/en-EN/history/moments/1982/unstoppable-308-gtb.html]
[www.ferrari.com/en-EN/history/moments/1983/open-air-pleasure.html]
[www.ferrari.com/en-EN/history/moments/1984/masterpiece-of-style.html]
[www.ferrari.com/en-EN/history/moments/1984/first-of-a-kind.html]
[www.ferrari.com/en-EN/history/moments/1985/328-last-act.html]
[www.ferrari.com/en-EN/history/moments/1986/american-surprise.html]
[www.ferrari.com/en-EN/history/moments/1987/enzos-dream.html]
[www.ferrari.com/en-EN/history/moments/1988/day-of-farewell.html]
[www.ferrari.com/en-EN/history/moments/1989/mansells-gears.html]
[www.ferrari.com/en-EN/history/moments/1990/100th-f1-win.html]
[www.ferrari.com/en-EN/history/moments/1991/evolution-of-an-icon.html]
[www.ferrari.com/en-EN/history/moments/1992/a-classic-gt.html]
[www.ferrari.com/en-EN/history.html]
[www.ferrari.com/en-EN/corporate/career.html]
[www.ferrari.com/es-ES/legal.html]
[www.ferrari.com/es-ES/privacy-policy.html]
[www.ferrari.com/es-ES/cookie-policy.html]
[www.ferrari.com/es-ES/accessibility.html]
[www.ferrari.com/es-ES/contactenos.html]
[www.ferrari.com/it-IT/corporate.html]
[www.ferrari.com/en-EN/responsible-disclosure-policy.html]
[www.ferrari.com/en-EN/reward-anticounterfeiting.html]
[www.ferrari.com/choose-your-country.html]
